// Jest Snapshot v1, https://goo.gl/fbAQLP

exports[`Performance card it shouldrender correctly  snapshots test 1`] = `
Object {
  "asFragment": [Function],
  "baseElement": <body>
    <div>
      <div
        class="card undefined"
      >
        <div
          class="tab"
        >
          <div
            class="tabHeader"
          >
            <div
              class="tabHeading"
            >
              <button
                class="leaf bg_brand text_white"
              >
                <span
                  class="icon"
                >
                  <svg
                    fill="none"
                    height="1em"
                    viewBox="0 0 28 28"
                    width="1em"
                    xmlns="http://www.w3.org/2000/svg"
                  >
                    <path
                      d="M21 9.625L23.2807 7.34431M0.875 16.625H4.375H0.875ZM14 3.5V7V3.5ZM23.625 16.625H27.125H23.625Z"
                      stroke="currentColor"
                      stroke-linecap="round"
                      stroke-linejoin="round"
                      stroke-miterlimit="10"
                    />
                    <path
                      d="M6.64256 9.86307C6.5926 9.79357 6.5647 9.71064 6.5625 9.62507C6.56245 9.54871 6.58237 9.47368 6.62031 9.40741C6.65824 9.34114 6.71285 9.28596 6.77872 9.24734C6.84459 9.20872 6.91942 9.18801 6.99577 9.18728C7.07212 9.18654 7.14733 9.20579 7.21394 9.24313L15.4162 14.4148C15.743 14.624 16.0194 14.903 16.2255 15.2318C16.4316 15.5606 16.5622 15.931 16.6079 16.3163C16.6536 16.7017 16.6133 17.0923 16.4899 17.4602C16.3665 17.8281 16.163 18.1641 15.8942 18.4439C15.6254 18.7237 15.2978 18.9404 14.9352 19.0784C14.5725 19.2165 14.1838 19.2724 13.7969 19.2421C13.4101 19.2118 13.0347 19.0962 12.6979 18.9034C12.3612 18.7107 12.0713 18.4457 11.8493 18.1274L6.64256 9.86307Z"
                      stroke="currentColor"
                      stroke-linecap="round"
                      stroke-linejoin="round"
                      stroke-miterlimit="10"
                    />
                    <path
                      d="M25.1003 23.6249C26.353 21.6395 27.0502 19.3543 27.1193 17.0077C27.1884 14.6611 26.6269 12.339 25.4932 10.2832C24.3595 8.22747 22.6952 6.51342 20.6737 5.31971C18.6523 4.12601 16.3476 3.49634 14 3.49634C11.6524 3.49634 9.34774 4.12601 7.32626 5.31971C5.30478 6.51342 3.64047 8.22747 2.5068 10.2832C1.37312 12.339 0.811576 14.6611 0.88069 17.0077C0.949805 19.3543 1.64705 21.6395 2.89975 23.6249H25.1003Z"
                      stroke="currentColor"
                      stroke-linecap="round"
                      stroke-linejoin="round"
                      stroke-miterlimit="10"
                    />
                  </svg>
                </span>
              </button>
              <div
                class="titleWrapper"
              >
                <h3
                  class="h3 text_black2"
                >
                  Performance
                </h3>
                <span
                  class="subtittle"
                >
                  May 15
                </span>
              </div>
            </div>
            <ul
              class="tabMenu"
            >
              <li
                class="tabMenuItem active"
              >
                <span
                  class="label"
                >
                  Yesterday
                </span>
              </li>
              <li
                class="tabMenuItem "
              >
                <span
                  class="label"
                >
                  Last Week
                </span>
              </li>
            </ul>
          </div>
          <div
            class="bg_yellow w_100 undefined"
            style="min-height: 50vh;"
          >
            <p
              class="text_center text_white m_0"
            >
              content
               
            </p>
          </div>
        </div>
        <div
          class="tabFooter text_right"
        >
          <a
            class="more_btn"
            href="/https://www.figma.com/"
            rel="noreferrer noopener"
            target="_blank"
          >
            <span>
              More
            </span>
            <span
              class="icon"
            >
              <svg
                fill="none"
                height="1em"
                viewBox="0 0 24 24"
                width="1em"
                xmlns="http://www.w3.org/2000/svg"
              >
                <path
                  d="M9.75 7.5022L15 11.9999L9.75 16.5022"
                  stroke="currentColor"
                  stroke-linecap="round"
                  stroke-linejoin="round"
                  stroke-miterlimit="10"
                  stroke-width="2"
                />
              </svg>
            </span>
          </a>
        </div>
      </div>
    </div>
  </body>,
  "container": <div>
    <div
      class="card undefined"
    >
      <div
        class="tab"
      >
        <div
          class="tabHeader"
        >
          <div
            class="tabHeading"
          >
            <button
              class="leaf bg_brand text_white"
            >
              <span
                class="icon"
              >
                <svg
                  fill="none"
                  height="1em"
                  viewBox="0 0 28 28"
                  width="1em"
                  xmlns="http://www.w3.org/2000/svg"
                >
                  <path
                    d="M21 9.625L23.2807 7.34431M0.875 16.625H4.375H0.875ZM14 3.5V7V3.5ZM23.625 16.625H27.125H23.625Z"
                    stroke="currentColor"
                    stroke-linecap="round"
                    stroke-linejoin="round"
                    stroke-miterlimit="10"
                  />
                  <path
                    d="M6.64256 9.86307C6.5926 9.79357 6.5647 9.71064 6.5625 9.62507C6.56245 9.54871 6.58237 9.47368 6.62031 9.40741C6.65824 9.34114 6.71285 9.28596 6.77872 9.24734C6.84459 9.20872 6.91942 9.18801 6.99577 9.18728C7.07212 9.18654 7.14733 9.20579 7.21394 9.24313L15.4162 14.4148C15.743 14.624 16.0194 14.903 16.2255 15.2318C16.4316 15.5606 16.5622 15.931 16.6079 16.3163C16.6536 16.7017 16.6133 17.0923 16.4899 17.4602C16.3665 17.8281 16.163 18.1641 15.8942 18.4439C15.6254 18.7237 15.2978 18.9404 14.9352 19.0784C14.5725 19.2165 14.1838 19.2724 13.7969 19.2421C13.4101 19.2118 13.0347 19.0962 12.6979 18.9034C12.3612 18.7107 12.0713 18.4457 11.8493 18.1274L6.64256 9.86307Z"
                    stroke="currentColor"
                    stroke-linecap="round"
                    stroke-linejoin="round"
                    stroke-miterlimit="10"
                  />
                  <path
                    d="M25.1003 23.6249C26.353 21.6395 27.0502 19.3543 27.1193 17.0077C27.1884 14.6611 26.6269 12.339 25.4932 10.2832C24.3595 8.22747 22.6952 6.51342 20.6737 5.31971C18.6523 4.12601 16.3476 3.49634 14 3.49634C11.6524 3.49634 9.34774 4.12601 7.32626 5.31971C5.30478 6.51342 3.64047 8.22747 2.5068 10.2832C1.37312 12.339 0.811576 14.6611 0.88069 17.0077C0.949805 19.3543 1.64705 21.6395 2.89975 23.6249H25.1003Z"
                    stroke="currentColor"
                    stroke-linecap="round"
                    stroke-linejoin="round"
                    stroke-miterlimit="10"
                  />
                </svg>
              </span>
            </button>
            <div
              class="titleWrapper"
            >
              <h3
                class="h3 text_black2"
              >
                Performance
              </h3>
              <span
                class="subtittle"
              >
                May 15
              </span>
            </div>
          </div>
          <ul
            class="tabMenu"
          >
            <li
              class="tabMenuItem active"
            >
              <span
                class="label"
              >
                Yesterday
              </span>
            </li>
            <li
              class="tabMenuItem "
            >
              <span
                class="label"
              >
                Last Week
              </span>
            </li>
          </ul>
        </div>
        <div
          class="bg_yellow w_100 undefined"
          style="min-height: 50vh;"
        >
          <p
            class="text_center text_white m_0"
          >
            content
             
          </p>
        </div>
      </div>
      <div
        class="tabFooter text_right"
      >
        <a
          class="more_btn"
          href="/https://www.figma.com/"
          rel="noreferrer noopener"
          target="_blank"
        >
          <span>
            More
          </span>
          <span
            class="icon"
          >
            <svg
              fill="none"
              height="1em"
              viewBox="0 0 24 24"
              width="1em"
              xmlns="http://www.w3.org/2000/svg"
            >
              <path
                d="M9.75 7.5022L15 11.9999L9.75 16.5022"
                stroke="currentColor"
                stroke-linecap="round"
                stroke-linejoin="round"
                stroke-miterlimit="10"
                stroke-width="2"
              />
            </svg>
          </span>
        </a>
      </div>
    </div>
  </div>,
  "debug": [Function],
  "findAllByAltText": [Function],
  "findAllByDisplayValue": [Function],
  "findAllByLabelText": [Function],
  "findAllByPlaceholderText": [Function],
  "findAllByRole": [Function],
  "findAllByTestId": [Function],
  "findAllByText": [Function],
  "findAllByTitle": [Function],
  "findByAltText": [Function],
  "findByDisplayValue": [Function],
  "findByLabelText": [Function],
  "findByPlaceholderText": [Function],
  "findByRole": [Function],
  "findByTestId": [Function],
  "findByText": [Function],
  "findByTitle": [Function],
  "getAllByAltText": [Function],
  "getAllByDisplayValue": [Function],
  "getAllByLabelText": [Function],
  "getAllByPlaceholderText": [Function],
  "getAllByRole": [Function],
  "getAllByTestId": [Function],
  "getAllByText": [Function],
  "getAllByTitle": [Function],
  "getByAltText": [Function],
  "getByDisplayValue": [Function],
  "getByLabelText": [Function],
  "getByPlaceholderText": [Function],
  "getByRole": [Function],
  "getByTestId": [Function],
  "getByText": [Function],
  "getByTitle": [Function],
  "queryAllByAltText": [Function],
  "queryAllByDisplayValue": [Function],
  "queryAllByLabelText": [Function],
  "queryAllByPlaceholderText": [Function],
  "queryAllByRole": [Function],
  "queryAllByTestId": [Function],
  "queryAllByText": [Function],
  "queryAllByTitle": [Function],
  "queryByAltText": [Function],
  "queryByDisplayValue": [Function],
  "queryByLabelText": [Function],
  "queryByPlaceholderText": [Function],
  "queryByRole": [Function],
  "queryByTestId": [Function],
  "queryByText": [Function],
  "queryByTitle": [Function],
  "rerender": [Function],
  "unmount": [Function],
}
`;
